/Users/lukevalerio/miniconda3/lib/python3.13/site-packages/keras/src/trainers/epoch_iterator.py:74: UserWarning: `shuffle=True` was passed, but will be ignored since the data `x` was provided as a tf.data.Dataset. The Dataset is expected to already be shuffled (via `.shuffle(buffer_size)`).
  self.data_adapter = data_adapters.get_data_adapter(
train 12712 | val 2288 | test 3000
class weights: {0: 1.0, 1: 1.0, 2: 1.0, 3: 1.0, 4: 1.0}
model            : food_tinyml
input            : (96, 96, 3)
parameters       : 157,512
est. int8 weights: 153.8 KB
peak activations : 72.0 KB  (at layer 'stem_bn')
est. arena floor : 72.0 KB + TFLM overhead (~4-10 KB)
Epoch 1/40
199/199 - 51s - 258ms/step - cls_acc: 0.4744 - cls_loss: 1.5947 - cls_macro_f1: 0.4702 - loss: 2.1579 - portion_acc: 0.6162 - portion_loss: 1.1250 - portion_ordinal_error: 0.4291 - val_cls_acc: 0.3955 - val_cls_loss: 1.5563 - val_cls_macro_f1: 0.3284 - val_loss: 1.9378 - val_portion_acc: 0.7653 - val_portion_loss: 0.7515 - val_portion_ordinal_error: 0.2395 - learning_rate: 0.0020
Epoch 2/40
199/199 - 45s - 227ms/step - cls_acc: 0.5426 - cls_loss: 1.2623 - cls_macro_f1: 0.5404 - loss: 1.6245 - portion_acc: 0.7713 - portion_loss: 0.7244 - portion_ordinal_error: 0.2337 - val_cls_acc: 0.3623 - val_cls_loss: 1.5997 - val_cls_macro_f1: 0.2887 - val_loss: 1.8969 - val_portion_acc: 0.8226 - val_portion_loss: 0.5824 - val_portion_ordinal_error: 0.1801 - learning_rate: 0.0020
Epoch 3/40
199/199 - 45s - 226ms/step - cls_acc: 0.5674 - cls_loss: 1.2021 - cls_macro_f1: 0.5654 - loss: 1.5077 - portion_acc: 0.8187 - portion_loss: 0.6111 - portion_ordinal_error: 0.1848 - val_cls_acc: 0.3837 - val_cls_loss: 1.5205 - val_cls_macro_f1: 0.3006 - val_loss: 1.8236 - val_portion_acc: 0.8156 - val_portion_loss: 0.5940 - val_portion_ordinal_error: 0.1866 - learning_rate: 0.0020
Epoch 4/40
199/199 - 46s - 231ms/step - cls_acc: 0.5854 - cls_loss: 1.1668 - cls_macro_f1: 0.5837 - loss: 1.4312 - portion_acc: 0.8412 - portion_loss: 0.5279 - portion_ordinal_error: 0.1604 - val_cls_acc: 0.4148 - val_cls_loss: 1.4745 - val_cls_macro_f1: 0.3471 - val_loss: 1.6957 - val_portion_acc: 0.8728 - val_portion_loss: 0.4325 - val_portion_ordinal_error: 0.1285 - learning_rate: 0.0020
Epoch 5/40
199/199 - 45s - 226ms/step - cls_acc: 0.5771 - cls_loss: 1.1713 - cls_macro_f1: 0.5745 - loss: 1.4103 - portion_acc: 0.8558 - portion_loss: 0.4776 - portion_ordinal_error: 0.1452 - val_cls_acc: 0.3977 - val_cls_loss: 1.5413 - val_cls_macro_f1: 0.3152 - val_loss: 1.7723 - val_portion_acc: 0.8566 - val_portion_loss: 0.4518 - val_portion_ordinal_error: 0.1451 - learning_rate: 0.0020
Epoch 6/40
199/199 - 44s - 222ms/step - cls_acc: 0.5828 - cls_loss: 1.1667 - cls_macro_f1: 0.5812 - loss: 1.4025 - portion_acc: 0.8606 - portion_loss: 0.4720 - portion_ordinal_error: 0.1410 - val_cls_acc: 0.4187 - val_cls_loss: 1.4467 - val_cls_macro_f1: 0.3459 - val_loss: 1.6693 - val_portion_acc: 0.8654 - val_portion_loss: 0.4349 - val_portion_ordinal_error: 0.1364 - learning_rate: 0.0020
Epoch 7/40
199/199 - 46s - 231ms/step - cls_acc: 0.5847 - cls_loss: 1.1682 - cls_macro_f1: 0.5838 - loss: 1.3885 - portion_acc: 0.8683 - portion_loss: 0.4406 - portion_ordinal_error: 0.1327 - val_cls_acc: 0.4030 - val_cls_loss: 1.5008 - val_cls_macro_f1: 0.3228 - val_loss: 1.6942 - val_portion_acc: 0.8903 - val_portion_loss: 0.3758 - val_portion_ordinal_error: 0.1106 - learning_rate: 0.0020
Epoch 8/40

Epoch 8: ReduceLROnPlateau reducing learning rate to 0.000800000037997961.
199/199 - 45s - 226ms/step - cls_acc: 0.5833 - cls_loss: 1.1640 - cls_macro_f1: 0.5820 - loss: 1.3813 - portion_acc: 0.8696 - portion_loss: 0.4342 - portion_ordinal_error: 0.1310 - val_cls_acc: 0.4069 - val_cls_loss: 1.5178 - val_cls_macro_f1: 0.3303 - val_loss: 1.6895 - val_portion_acc: 0.9025 - val_portion_loss: 0.3326 - val_portion_ordinal_error: 0.0979 - learning_rate: 0.0020
Epoch 9/40
199/199 - 46s - 233ms/step - cls_acc: 0.5643 - cls_loss: 1.1999 - cls_macro_f1: 0.5613 - loss: 1.3912 - portion_acc: 0.8879 - portion_loss: 0.3837 - portion_ordinal_error: 0.1128 - val_cls_acc: 0.4554 - val_cls_loss: 1.3801 - val_cls_macro_f1: 0.3870 - val_loss: 1.5520 - val_portion_acc: 0.9056 - val_portion_loss: 0.3363 - val_portion_ordinal_error: 0.0948 - learning_rate: 8.0000e-04
Epoch 10/40
199/199 - 49s - 246ms/step - cls_acc: 0.5678 - cls_loss: 1.1983 - cls_macro_f1: 0.5653 - loss: 1.3899 - portion_acc: 0.8839 - portion_loss: 0.3835 - portion_ordinal_error: 0.1169 - val_cls_acc: 0.4550 - val_cls_loss: 1.4042 - val_cls_macro_f1: 0.3857 - val_loss: 1.5681 - val_portion_acc: 0.9095 - val_portion_loss: 0.3193 - val_portion_ordinal_error: 0.0905 - learning_rate: 8.0000e-04
Epoch 11/40
199/199 - 49s - 248ms/step - cls_acc: 0.5622 - cls_loss: 1.2126 - cls_macro_f1: 0.5588 - loss: 1.4025 - portion_acc: 0.8861 - portion_loss: 0.3789 - portion_ordinal_error: 0.1144 - val_cls_acc: 0.4668 - val_cls_loss: 1.3447 - val_cls_macro_f1: 0.3979 - val_loss: 1.5110 - val_portion_acc: 0.9091 - val_portion_loss: 0.3251 - val_portion_ordinal_error: 0.0918 - learning_rate: 8.0000e-04
Epoch 12/40
199/199 - 49s - 249ms/step - cls_acc: 0.5634 - cls_loss: 1.2046 - cls_macro_f1: 0.5597 - loss: 1.3878 - portion_acc: 0.8923 - portion_loss: 0.3665 - portion_ordinal_error: 0.1081 - val_cls_acc: 0.4358 - val_cls_loss: 1.4208 - val_cls_macro_f1: 0.3618 - val_loss: 1.5943 - val_portion_acc: 0.8995 - val_portion_loss: 0.3366 - val_portion_ordinal_error: 0.1010 - learning_rate: 8.0000e-04
Epoch 13/40
199/199 - 50s - 249ms/step - cls_acc: 0.5647 - cls_loss: 1.2034 - cls_macro_f1: 0.5602 - loss: 1.3879 - portion_acc: 0.8935 - portion_loss: 0.3689 - portion_ordinal_error: 0.1075 - val_cls_acc: 0.4594 - val_cls_loss: 1.3801 - val_cls_macro_f1: 0.3880 - val_loss: 1.5605 - val_portion_acc: 0.8986 - val_portion_loss: 0.3512 - val_portion_ordinal_error: 0.1018 - learning_rate: 8.0000e-04
Epoch 14/40
199/199 - 49s - 244ms/step - cls_acc: 0.5633 - cls_loss: 1.2115 - cls_macro_f1: 0.5601 - loss: 1.3902 - portion_acc: 0.8921 - portion_loss: 0.3579 - portion_ordinal_error: 0.1089 - val_cls_acc: 0.4545 - val_cls_loss: 1.4035 - val_cls_macro_f1: 0.3850 - val_loss: 1.5651 - val_portion_acc: 0.9087 - val_portion_loss: 0.3141 - val_portion_ordinal_error: 0.0918 - learning_rate: 8.0000e-04
Epoch 15/40

Epoch 15: ReduceLROnPlateau reducing learning rate to 0.00032000001519918444.
199/199 - 49s - 246ms/step - cls_acc: 0.5638 - cls_loss: 1.2141 - cls_macro_f1: 0.5603 - loss: 1.3883 - portion_acc: 0.8974 - portion_loss: 0.3485 - portion_ordinal_error: 0.1030 - val_cls_acc: 0.4510 - val_cls_loss: 1.3641 - val_cls_macro_f1: 0.3731 - val_loss: 1.5271 - val_portion_acc: 0.9104 - val_portion_loss: 0.3179 - val_portion_ordinal_error: 0.0900 - learning_rate: 8.0000e-04
Epoch 16/40
199/199 - 49s - 248ms/step - cls_acc: 0.5256 - cls_loss: 1.2789 - cls_macro_f1: 0.5226 - loss: 1.4475 - portion_acc: 0.8996 - portion_loss: 0.3365 - portion_ordinal_error: 0.1011 - val_cls_acc: 0.4620 - val_cls_loss: 1.3327 - val_cls_macro_f1: 0.3907 - val_loss: 1.4880 - val_portion_acc: 0.9104 - val_portion_loss: 0.3040 - val_portion_ordinal_error: 0.0896 - learning_rate: 3.2000e-04
Epoch 17/40
199/199 - 49s - 246ms/step - cls_acc: 0.5274 - cls_loss: 1.2651 - cls_macro_f1: 0.5239 - loss: 1.4251 - portion_acc: 0.9039 - portion_loss: 0.3199 - portion_ordinal_error: 0.0965 - val_cls_acc: 0.4865 - val_cls_loss: 1.2992 - val_cls_macro_f1: 0.4134 - val_loss: 1.4404 - val_portion_acc: 0.9183 - val_portion_loss: 0.2769 - val_portion_ordinal_error: 0.0822 - learning_rate: 3.2000e-04
Epoch 18/40
199/199 - 48s - 242ms/step - cls_acc: 0.5285 - cls_loss: 1.2607 - cls_macro_f1: 0.5245 - loss: 1.4234 - portion_acc: 0.9023 - portion_loss: 0.3241 - portion_ordinal_error: 0.0979 - val_cls_acc: 0.4733 - val_cls_loss: 1.3277 - val_cls_macro_f1: 0.3969 - val_loss: 1.4736 - val_portion_acc: 0.9148 - val_portion_loss: 0.2854 - val_portion_ordinal_error: 0.0852 - learning_rate: 3.2000e-04
Epoch 19/40
199/199 - 49s - 244ms/step - cls_acc: 0.5307 - cls_loss: 1.2466 - cls_macro_f1: 0.5271 - loss: 1.4059 - portion_acc: 0.9039 - portion_loss: 0.3180 - portion_ordinal_error: 0.0964 - val_cls_acc: 0.4698 - val_cls_loss: 1.3269 - val_cls_macro_f1: 0.4031 - val_loss: 1.4731 - val_portion_acc: 0.9148 - val_portion_loss: 0.2848 - val_portion_ordinal_error: 0.0857 - learning_rate: 3.2000e-04
Epoch 20/40
199/199 - 54s - 269ms/step - cls_acc: 0.5279 - cls_loss: 1.2529 - cls_macro_f1: 0.5227 - loss: 1.4102 - portion_acc: 0.9058 - portion_loss: 0.3143 - portion_ordinal_error: 0.0947 - val_cls_acc: 0.4751 - val_cls_loss: 1.3248 - val_cls_macro_f1: 0.4072 - val_loss: 1.4664 - val_portion_acc: 0.9196 - val_portion_loss: 0.2764 - val_portion_ordinal_error: 0.0809 - learning_rate: 3.2000e-04
Epoch 21/40

Epoch 21: ReduceLROnPlateau reducing learning rate to 0.0001280000084079802.
199/199 - 65s - 329ms/step - cls_acc: 0.5346 - cls_loss: 1.2511 - cls_macro_f1: 0.5305 - loss: 1.4038 - portion_acc: 0.9078 - portion_loss: 0.3055 - portion_ordinal_error: 0.0925 - val_cls_acc: 0.4729 - val_cls_loss: 1.3083 - val_cls_macro_f1: 0.3995 - val_loss: 1.4475 - val_portion_acc: 0.9205 - val_portion_loss: 0.2719 - val_portion_ordinal_error: 0.0800 - learning_rate: 3.2000e-04
Epoch 22/40
199/199 - 59s - 296ms/step - cls_acc: 0.4757 - cls_loss: 1.3132 - cls_macro_f1: 0.4716 - loss: 1.4634 - portion_acc: 0.9106 - portion_loss: 0.2988 - portion_ordinal_error: 0.0897 - val_cls_acc: 0.4943 - val_cls_loss: 1.2693 - val_cls_macro_f1: 0.4575 - val_loss: 1.4024 - val_portion_acc: 0.9244 - val_portion_loss: 0.2607 - val_portion_ordinal_error: 0.0756 - learning_rate: 1.2800e-04
Epoch 23/40
199/199 - 57s - 289ms/step - cls_acc: 0.4931 - cls_loss: 1.2801 - cls_macro_f1: 0.4898 - loss: 1.4247 - portion_acc: 0.9143 - portion_loss: 0.2880 - portion_ordinal_error: 0.0861 - val_cls_acc: 0.4860 - val_cls_loss: 1.2710 - val_cls_macro_f1: 0.4483 - val_loss: 1.4006 - val_portion_acc: 0.9257 - val_portion_loss: 0.2539 - val_portion_ordinal_error: 0.0743 - learning_rate: 1.2800e-04
Epoch 24/40
199/199 - 50s - 251ms/step - cls_acc: 0.4969 - cls_loss: 1.2750 - cls_macro_f1: 0.4952 - loss: 1.4225 - portion_acc: 0.9106 - portion_loss: 0.2952 - portion_ordinal_error: 0.0895 - val_cls_acc: 0.4926 - val_cls_loss: 1.2704 - val_cls_macro_f1: 0.4560 - val_loss: 1.3997 - val_portion_acc: 0.9213 - val_portion_loss: 0.2523 - val_portion_ordinal_error: 0.0787 - learning_rate: 1.2800e-04
Epoch 25/40
199/199 - 50s - 250ms/step - cls_acc: 0.5083 - cls_loss: 1.2684 - cls_macro_f1: 0.5057 - loss: 1.4137 - portion_acc: 0.9128 - portion_loss: 0.2896 - portion_ordinal_error: 0.0872 - val_cls_acc: 0.4952 - val_cls_loss: 1.2613 - val_cls_macro_f1: 0.4574 - val_loss: 1.3898 - val_portion_acc: 0.9253 - val_portion_loss: 0.2514 - val_portion_ordinal_error: 0.0747 - learning_rate: 1.2800e-04
Epoch 26/40

Epoch 26: ReduceLROnPlateau reducing learning rate to 5.120000569149852e-05.
199/199 - 50s - 252ms/step - cls_acc: 0.5117 - cls_loss: 1.2613 - cls_macro_f1: 0.5087 - loss: 1.4053 - portion_acc: 0.9124 - portion_loss: 0.2868 - portion_ordinal_error: 0.0878 - val_cls_acc: 0.4882 - val_cls_loss: 1.2673 - val_cls_macro_f1: 0.4460 - val_loss: 1.3949 - val_portion_acc: 0.9231 - val_portion_loss: 0.2494 - val_portion_ordinal_error: 0.0769 - learning_rate: 1.2800e-04
Epoch 27/40
199/199 - 49s - 248ms/step - cls_acc: 0.4779 - cls_loss: 1.2948 - cls_macro_f1: 0.4746 - loss: 1.4374 - portion_acc: 0.9125 - portion_loss: 0.2843 - portion_ordinal_error: 0.0878 - val_cls_acc: 0.5000 - val_cls_loss: 1.2304 - val_cls_macro_f1: 0.4752 - val_loss: 1.3507 - val_portion_acc: 0.9283 - val_portion_loss: 0.2375 - val_portion_ordinal_error: 0.0717 - learning_rate: 5.1200e-05
Epoch 28/40
199/199 - 50s - 250ms/step - cls_acc: 0.4996 - cls_loss: 1.2696 - cls_macro_f1: 0.4975 - loss: 1.4129 - portion_acc: 0.9138 - portion_loss: 0.2862 - portion_ordinal_error: 0.0865 - val_cls_acc: 0.5013 - val_cls_loss: 1.2261 - val_cls_macro_f1: 0.4765 - val_loss: 1.3461 - val_portion_acc: 0.9318 - val_portion_loss: 0.2368 - val_portion_ordinal_error: 0.0682 - learning_rate: 5.1200e-05
Epoch 29/40
199/199 - 49s - 246ms/step - cls_acc: 0.5024 - cls_loss: 1.2608 - cls_macro_f1: 0.5005 - loss: 1.3955 - portion_acc: 0.9178 - portion_loss: 0.2689 - portion_ordinal_error: 0.0823 - val_cls_acc: 0.5083 - val_cls_loss: 1.2155 - val_cls_macro_f1: 0.4858 - val_loss: 1.3364 - val_portion_acc: 0.9274 - val_portion_loss: 0.2388 - val_portion_ordinal_error: 0.0726 - learning_rate: 5.1200e-05
Epoch 30/40
199/199 - 49s - 248ms/step - cls_acc: 0.5057 - cls_loss: 1.2585 - cls_macro_f1: 0.5035 - loss: 1.3986 - portion_acc: 0.9156 - portion_loss: 0.2791 - portion_ordinal_error: 0.0848 - val_cls_acc: 0.5022 - val_cls_loss: 1.2258 - val_cls_macro_f1: 0.4818 - val_loss: 1.3478 - val_portion_acc: 0.9248 - val_portion_loss: 0.2404 - val_portion_ordinal_error: 0.0752 - learning_rate: 5.1200e-05
Epoch 31/40
199/199 - 50s - 249ms/step - cls_acc: 0.5052 - cls_loss: 1.2549 - cls_macro_f1: 0.5035 - loss: 1.3861 - portion_acc: 0.9213 - portion_loss: 0.2627 - portion_ordinal_error: 0.0791 - val_cls_acc: 0.5061 - val_cls_loss: 1.2226 - val_cls_macro_f1: 0.4836 - val_loss: 1.3439 - val_portion_acc: 0.9301 - val_portion_loss: 0.2396 - val_portion_ordinal_error: 0.0699 - learning_rate: 5.1200e-05
Epoch 32/40
199/199 - 49s - 246ms/step - cls_acc: 0.5091 - cls_loss: 1.2525 - cls_macro_f1: 0.5070 - loss: 1.3877 - portion_acc: 0.9178 - portion_loss: 0.2698 - portion_ordinal_error: 0.0825 - val_cls_acc: 0.5083 - val_cls_loss: 1.2277 - val_cls_macro_f1: 0.4843 - val_loss: 1.3476 - val_portion_acc: 0.9314 - val_portion_loss: 0.2360 - val_portion_ordinal_error: 0.0686 - learning_rate: 5.1200e-05
Epoch 33/40

Epoch 33: ReduceLROnPlateau reducing learning rate to 2.0480001694522798e-05.
199/199 - 50s - 249ms/step - cls_acc: 0.5037 - cls_loss: 1.2661 - cls_macro_f1: 0.5014 - loss: 1.4024 - portion_acc: 0.9179 - portion_loss: 0.2718 - portion_ordinal_error: 0.0821 - val_cls_acc: 0.5096 - val_cls_loss: 1.2146 - val_cls_macro_f1: 0.4844 - val_loss: 1.3322 - val_portion_acc: 0.9283 - val_portion_loss: 0.2321 - val_portion_ordinal_error: 0.0717 - learning_rate: 5.1200e-05
Epoch 34/40
199/199 - 51s - 255ms/step - cls_acc: 0.4891 - cls_loss: 1.2737 - cls_macro_f1: 0.4868 - loss: 1.4100 - portion_acc: 0.9176 - portion_loss: 0.2736 - portion_ordinal_error: 0.0825 - val_cls_acc: 0.5310 - val_cls_loss: 1.1968 - val_cls_macro_f1: 0.5169 - val_loss: 1.3127 - val_portion_acc: 0.9279 - val_portion_loss: 0.2304 - val_portion_ordinal_error: 0.0721 - learning_rate: 2.0480e-05
Epoch 35/40
199/199 - 51s - 258ms/step - cls_acc: 0.5012 - cls_loss: 1.2592 - cls_macro_f1: 0.4987 - loss: 1.3906 - portion_acc: 0.9234 - portion_loss: 0.2623 - portion_ordinal_error: 0.0769 - val_cls_acc: 0.5332 - val_cls_loss: 1.1953 - val_cls_macro_f1: 0.5218 - val_loss: 1.3111 - val_portion_acc: 0.9279 - val_portion_loss: 0.2304 - val_portion_ordinal_error: 0.0721 - learning_rate: 2.0480e-05
Epoch 36/40
199/199 - 49s - 244ms/step - cls_acc: 0.5109 - cls_loss: 1.2477 - cls_macro_f1: 0.5087 - loss: 1.3817 - portion_acc: 0.9197 - portion_loss: 0.2682 - portion_ordinal_error: 0.0806 - val_cls_acc: 0.5337 - val_cls_loss: 1.1958 - val_cls_macro_f1: 0.5212 - val_loss: 1.3175 - val_portion_acc: 0.9292 - val_portion_loss: 0.2431 - val_portion_ordinal_error: 0.0712 - learning_rate: 2.0480e-05
Epoch 37/40
199/199 - 49s - 247ms/step - cls_acc: 0.5104 - cls_loss: 1.2495 - cls_macro_f1: 0.5074 - loss: 1.3858 - portion_acc: 0.9162 - portion_loss: 0.2720 - portion_ordinal_error: 0.0839 - val_cls_acc: 0.5402 - val_cls_loss: 1.1957 - val_cls_macro_f1: 0.5281 - val_loss: 1.3128 - val_portion_acc: 0.9301 - val_portion_loss: 0.2330 - val_portion_ordinal_error: 0.0699 - learning_rate: 2.0480e-05
Epoch 38/40
199/199 - 49s - 248ms/step - cls_acc: 0.5122 - cls_loss: 1.2519 - cls_macro_f1: 0.5093 - loss: 1.3839 - portion_acc: 0.9215 - portion_loss: 0.2622 - portion_ordinal_error: 0.0786 - val_cls_acc: 0.5402 - val_cls_loss: 1.1931 - val_cls_macro_f1: 0.5301 - val_loss: 1.3095 - val_portion_acc: 0.9305 - val_portion_loss: 0.2324 - val_portion_ordinal_error: 0.0695 - learning_rate: 2.0480e-05
Epoch 39/40
199/199 - 49s - 245ms/step - cls_acc: 0.5121 - cls_loss: 1.2526 - cls_macro_f1: 0.5097 - loss: 1.3852 - portion_acc: 0.9213 - portion_loss: 0.2654 - portion_ordinal_error: 0.0790 - val_cls_acc: 0.5284 - val_cls_loss: 1.1990 - val_cls_macro_f1: 0.5140 - val_loss: 1.3147 - val_portion_acc: 0.9296 - val_portion_loss: 0.2305 - val_portion_ordinal_error: 0.0704 - learning_rate: 2.0480e-05
Epoch 40/40
199/199 - 49s - 246ms/step - cls_acc: 0.5123 - cls_loss: 1.2503 - cls_macro_f1: 0.5090 - loss: 1.3902 - portion_acc: 0.9139 - portion_loss: 0.2792 - portion_ordinal_error: 0.0862 - val_cls_acc: 0.5354 - val_cls_loss: 1.1967 - val_cls_macro_f1: 0.5226 - val_loss: 1.3142 - val_portion_acc: 0.9331 - val_portion_loss: 0.2336 - val_portion_ordinal_error: 0.0669 - learning_rate: 2.0480e-05
Restoring model weights from the end of the best epoch: 38.

Evaluating FP32 baseline on the held-out test split ...
  cls_acc                      0.5610
  cls_loss                     1.1547
  cls_macro_f1                 0.5511
  loss                         1.2679
  portion_acc                  0.9303
  portion_loss                 0.2253
  portion_ordinal_error        0.0700

saved /Users/lukevalerio/Documents/TinyML/FinalProject/results/checkpoints/a10_v3.keras
