/Users/lukevalerio/miniconda3/lib/python3.13/site-packages/keras/src/trainers/epoch_iterator.py:74: UserWarning: `shuffle=True` was passed, but will be ignored since the data `x` was provided as a tf.data.Dataset. The Dataset is expected to already be shuffled (via `.shuffle(buffer_size)`).
  self.data_adapter = data_adapters.get_data_adapter(
train 12831 | val 2169 | test 3000
source: real | class weights: {0: 1.0, 1: 1.0, 2: 1.0, 3: 1.0, 4: 1.0}
model            : food_tinyml
input            : (96, 96, 3)
parameters       : 157,512
est. int8 weights: 153.8 KB
peak activations : 72.0 KB  (at layer 'stem_bn')
est. arena floor : 72.0 KB + TFLM overhead (~4-10 KB)
Epoch 1/45
201/201 - 43s - 215ms/step - cls_acc: 0.6035 - cls_loss: 1.2777 - cls_macro_f1: 0.5997 - loss: 1.8836 - portion_acc: 0.5926 - portion_loss: 1.2131 - portion_ordinal_error: 0.4667 - val_cls_acc: 0.5182 - val_cls_loss: 1.2778 - val_cls_macro_f1: 0.4161 - val_loss: 1.7943 - val_portion_acc: 0.6607 - val_portion_loss: 1.0292 - val_portion_ordinal_error: 0.3582 - learning_rate: 0.0020
Epoch 2/45
201/201 - 40s - 197ms/step - cls_acc: 0.6883 - cls_loss: 0.9625 - cls_macro_f1: 0.6871 - loss: 1.3871 - portion_acc: 0.7381 - portion_loss: 0.8488 - portion_ordinal_error: 0.2772 - val_cls_acc: 0.5339 - val_cls_loss: 1.2420 - val_cls_macro_f1: 0.4198 - val_loss: 1.6222 - val_portion_acc: 0.7538 - val_portion_loss: 0.7583 - val_portion_ordinal_error: 0.2499 - learning_rate: 0.0020
Epoch 3/45
201/201 - 39s - 193ms/step - cls_acc: 0.7112 - cls_loss: 0.9165 - cls_macro_f1: 0.7087 - loss: 1.2595 - portion_acc: 0.7879 - portion_loss: 0.6864 - portion_ordinal_error: 0.2193 - val_cls_acc: 0.5376 - val_cls_loss: 1.2388 - val_cls_macro_f1: 0.4267 - val_loss: 1.4871 - val_portion_acc: 0.8534 - val_portion_loss: 0.4928 - val_portion_ordinal_error: 0.1498 - learning_rate: 0.0020
Epoch 4/45
201/201 - 38s - 190ms/step - cls_acc: 0.7225 - cls_loss: 0.8928 - cls_macro_f1: 0.7198 - loss: 1.1848 - portion_acc: 0.8147 - portion_loss: 0.5848 - portion_ordinal_error: 0.1892 - val_cls_acc: 0.5385 - val_cls_loss: 1.1571 - val_cls_macro_f1: 0.4333 - val_loss: 1.4396 - val_portion_acc: 0.8317 - val_portion_loss: 0.5617 - val_portion_ordinal_error: 0.1743 - learning_rate: 0.0020
Epoch 5/45
201/201 - 38s - 189ms/step - cls_acc: 0.7276 - cls_loss: 0.8716 - cls_macro_f1: 0.7242 - loss: 1.1373 - portion_acc: 0.8362 - portion_loss: 0.5316 - portion_ordinal_error: 0.1673 - val_cls_acc: 0.5440 - val_cls_loss: 1.1423 - val_cls_macro_f1: 0.4567 - val_loss: 1.4015 - val_portion_acc: 0.8303 - val_portion_loss: 0.5165 - val_portion_ordinal_error: 0.1729 - learning_rate: 0.0020
Epoch 6/45
201/201 - 36s - 180ms/step - cls_acc: 0.7144 - cls_loss: 0.8885 - cls_macro_f1: 0.7111 - loss: 1.1418 - portion_acc: 0.8440 - portion_loss: 0.5067 - portion_ordinal_error: 0.1588 - val_cls_acc: 0.5353 - val_cls_loss: 1.1539 - val_cls_macro_f1: 0.4204 - val_loss: 1.3616 - val_portion_acc: 0.8695 - val_portion_loss: 0.4134 - val_portion_ordinal_error: 0.1328 - learning_rate: 0.0020
Epoch 7/45
201/201 - 36s - 179ms/step - cls_acc: 0.7299 - cls_loss: 0.8572 - cls_macro_f1: 0.7265 - loss: 1.0934 - portion_acc: 0.8557 - portion_loss: 0.4729 - portion_ordinal_error: 0.1468 - val_cls_acc: 0.5288 - val_cls_loss: 1.1924 - val_cls_macro_f1: 0.4222 - val_loss: 1.4144 - val_portion_acc: 0.8603 - val_portion_loss: 0.4417 - val_portion_ordinal_error: 0.1411 - learning_rate: 0.0020
Epoch 8/45
201/201 - 36s - 180ms/step - cls_acc: 0.7250 - cls_loss: 0.8639 - cls_macro_f1: 0.7218 - loss: 1.0957 - portion_acc: 0.8570 - portion_loss: 0.4643 - portion_ordinal_error: 0.1446 - val_cls_acc: 0.5357 - val_cls_loss: 1.1630 - val_cls_macro_f1: 0.4498 - val_loss: 1.3653 - val_portion_acc: 0.8737 - val_portion_loss: 0.4018 - val_portion_ordinal_error: 0.1282 - learning_rate: 0.0020
Epoch 9/45

Epoch 9: ReduceLROnPlateau reducing learning rate to 0.000800000037997961.
201/201 - 36s - 179ms/step - cls_acc: 0.7303 - cls_loss: 0.8491 - cls_macro_f1: 0.7271 - loss: 1.0700 - portion_acc: 0.8648 - portion_loss: 0.4419 - portion_ordinal_error: 0.1368 - val_cls_acc: 0.5473 - val_cls_loss: 1.0940 - val_cls_macro_f1: 0.4400 - val_loss: 1.2999 - val_portion_acc: 0.8769 - val_portion_loss: 0.4091 - val_portion_ordinal_error: 0.1254 - learning_rate: 0.0020
Epoch 10/45
201/201 - 36s - 181ms/step - cls_acc: 0.7182 - cls_loss: 0.8628 - cls_macro_f1: 0.7164 - loss: 1.0680 - portion_acc: 0.8732 - portion_loss: 0.4112 - portion_ordinal_error: 0.1284 - val_cls_acc: 0.5556 - val_cls_loss: 1.1057 - val_cls_macro_f1: 0.4468 - val_loss: 1.2596 - val_portion_acc: 0.9087 - val_portion_loss: 0.3052 - val_portion_ordinal_error: 0.0917 - learning_rate: 8.0000e-04
Epoch 11/45
201/201 - 38s - 188ms/step - cls_acc: 0.7088 - cls_loss: 0.8837 - cls_macro_f1: 0.7071 - loss: 1.0752 - portion_acc: 0.8824 - portion_loss: 0.3830 - portion_ordinal_error: 0.1186 - val_cls_acc: 0.5537 - val_cls_loss: 1.1164 - val_cls_macro_f1: 0.4576 - val_loss: 1.2834 - val_portion_acc: 0.8967 - val_portion_loss: 0.3313 - val_portion_ordinal_error: 0.1037 - learning_rate: 8.0000e-04
Epoch 12/45
201/201 - 36s - 180ms/step - cls_acc: 0.7174 - cls_loss: 0.8714 - cls_macro_f1: 0.7157 - loss: 1.0606 - portion_acc: 0.8827 - portion_loss: 0.3786 - portion_ordinal_error: 0.1181 - val_cls_acc: 0.5634 - val_cls_loss: 1.0892 - val_cls_macro_f1: 0.4756 - val_loss: 1.2344 - val_portion_acc: 0.9106 - val_portion_loss: 0.2888 - val_portion_ordinal_error: 0.0899 - learning_rate: 8.0000e-04
Epoch 13/45
201/201 - 36s - 181ms/step - cls_acc: 0.7191 - cls_loss: 0.8629 - cls_macro_f1: 0.7172 - loss: 1.0558 - portion_acc: 0.8833 - portion_loss: 0.3867 - portion_ordinal_error: 0.1177 - val_cls_acc: 0.5615 - val_cls_loss: 1.0870 - val_cls_macro_f1: 0.4805 - val_loss: 1.2573 - val_portion_acc: 0.8935 - val_portion_loss: 0.3383 - val_portion_ordinal_error: 0.1070 - learning_rate: 8.0000e-04
Epoch 14/45
201/201 - 36s - 177ms/step - cls_acc: 0.7183 - cls_loss: 0.8560 - cls_macro_f1: 0.7161 - loss: 1.0451 - portion_acc: 0.8829 - portion_loss: 0.3780 - portion_ordinal_error: 0.1178 - val_cls_acc: 0.5689 - val_cls_loss: 1.0965 - val_cls_macro_f1: 0.5090 - val_loss: 1.2528 - val_portion_acc: 0.9018 - val_portion_loss: 0.3108 - val_portion_ordinal_error: 0.0987 - learning_rate: 8.0000e-04
Epoch 15/45
201/201 - 36s - 177ms/step - cls_acc: 0.7155 - cls_loss: 0.8669 - cls_macro_f1: 0.7139 - loss: 1.0526 - portion_acc: 0.8857 - portion_loss: 0.3715 - portion_ordinal_error: 0.1149 - val_cls_acc: 0.5652 - val_cls_loss: 1.0777 - val_cls_macro_f1: 0.4662 - val_loss: 1.2365 - val_portion_acc: 0.9023 - val_portion_loss: 0.3159 - val_portion_ordinal_error: 0.0991 - learning_rate: 8.0000e-04
Epoch 16/45
201/201 - 36s - 179ms/step - cls_acc: 0.7211 - cls_loss: 0.8535 - cls_macro_f1: 0.7196 - loss: 1.0420 - portion_acc: 0.8854 - portion_loss: 0.3790 - portion_ordinal_error: 0.1151 - val_cls_acc: 0.5754 - val_cls_loss: 1.0515 - val_cls_macro_f1: 0.5035 - val_loss: 1.2249 - val_portion_acc: 0.8917 - val_portion_loss: 0.3452 - val_portion_ordinal_error: 0.1093 - learning_rate: 8.0000e-04
Epoch 17/45
201/201 - 36s - 177ms/step - cls_acc: 0.7279 - cls_loss: 0.8346 - cls_macro_f1: 0.7261 - loss: 1.0185 - portion_acc: 0.8870 - portion_loss: 0.3682 - portion_ordinal_error: 0.1138 - val_cls_acc: 0.5675 - val_cls_loss: 1.0989 - val_cls_macro_f1: 0.4854 - val_loss: 1.2496 - val_portion_acc: 0.9096 - val_portion_loss: 0.2988 - val_portion_ordinal_error: 0.0908 - learning_rate: 8.0000e-04
Epoch 18/45

Epoch 18: ReduceLROnPlateau reducing learning rate to 0.00032000001519918444.
201/201 - 37s - 186ms/step - cls_acc: 0.7300 - cls_loss: 0.8242 - cls_macro_f1: 0.7276 - loss: 1.0103 - portion_acc: 0.8869 - portion_loss: 0.3718 - portion_ordinal_error: 0.1139 - val_cls_acc: 0.5809 - val_cls_loss: 1.0831 - val_cls_macro_f1: 0.5062 - val_loss: 1.2259 - val_portion_acc: 0.9193 - val_portion_loss: 0.2824 - val_portion_ordinal_error: 0.0811 - learning_rate: 8.0000e-04
Epoch 19/45
201/201 - 37s - 186ms/step - cls_acc: 0.7024 - cls_loss: 0.8872 - cls_macro_f1: 0.7006 - loss: 1.0558 - portion_acc: 0.8968 - portion_loss: 0.3373 - portion_ordinal_error: 0.1036 - val_cls_acc: 0.6003 - val_cls_loss: 1.0367 - val_cls_macro_f1: 0.5371 - val_loss: 1.1769 - val_portion_acc: 0.9193 - val_portion_loss: 0.2782 - val_portion_ordinal_error: 0.0807 - learning_rate: 3.2000e-04
Epoch 20/45
201/201 - 36s - 182ms/step - cls_acc: 0.7098 - cls_loss: 0.8659 - cls_macro_f1: 0.7090 - loss: 1.0340 - portion_acc: 0.8978 - portion_loss: 0.3345 - portion_ordinal_error: 0.1026 - val_cls_acc: 0.5980 - val_cls_loss: 1.0361 - val_cls_macro_f1: 0.5357 - val_loss: 1.1665 - val_portion_acc: 0.9216 - val_portion_loss: 0.2588 - val_portion_ordinal_error: 0.0784 - learning_rate: 3.2000e-04
Epoch 21/45
201/201 - 37s - 184ms/step - cls_acc: 0.7168 - cls_loss: 0.8593 - cls_macro_f1: 0.7152 - loss: 1.0190 - portion_acc: 0.9042 - portion_loss: 0.3187 - portion_ordinal_error: 0.0962 - val_cls_acc: 0.5823 - val_cls_loss: 1.0551 - val_cls_macro_f1: 0.5190 - val_loss: 1.1874 - val_portion_acc: 0.9216 - val_portion_loss: 0.2615 - val_portion_ordinal_error: 0.0784 - learning_rate: 3.2000e-04
Epoch 22/45
201/201 - 40s - 200ms/step - cls_acc: 0.7194 - cls_loss: 0.8532 - cls_macro_f1: 0.7181 - loss: 1.0204 - portion_acc: 0.8951 - portion_loss: 0.3350 - portion_ordinal_error: 0.1054 - val_cls_acc: 0.5924 - val_cls_loss: 1.0408 - val_cls_macro_f1: 0.5222 - val_loss: 1.1688 - val_portion_acc: 0.9253 - val_portion_loss: 0.2530 - val_portion_ordinal_error: 0.0747 - learning_rate: 3.2000e-04
Epoch 23/45
201/201 - 37s - 182ms/step - cls_acc: 0.7229 - cls_loss: 0.8431 - cls_macro_f1: 0.7216 - loss: 1.0046 - portion_acc: 0.8987 - portion_loss: 0.3232 - portion_ordinal_error: 0.1018 - val_cls_acc: 0.6053 - val_cls_loss: 1.0389 - val_cls_macro_f1: 0.5488 - val_loss: 1.1654 - val_portion_acc: 0.9244 - val_portion_loss: 0.2509 - val_portion_ordinal_error: 0.0756 - learning_rate: 3.2000e-04
Epoch 24/45
201/201 - 37s - 183ms/step - cls_acc: 0.7182 - cls_loss: 0.8483 - cls_macro_f1: 0.7172 - loss: 1.0047 - portion_acc: 0.9064 - portion_loss: 0.3125 - portion_ordinal_error: 0.0941 - val_cls_acc: 0.6012 - val_cls_loss: 1.0459 - val_cls_macro_f1: 0.5526 - val_loss: 1.1712 - val_portion_acc: 0.9262 - val_portion_loss: 0.2495 - val_portion_ordinal_error: 0.0742 - learning_rate: 3.2000e-04
Epoch 25/45
201/201 - 37s - 184ms/step - cls_acc: 0.7236 - cls_loss: 0.8425 - cls_macro_f1: 0.7217 - loss: 1.0013 - portion_acc: 0.9031 - portion_loss: 0.3177 - portion_ordinal_error: 0.0972 - val_cls_acc: 0.6113 - val_cls_loss: 1.0246 - val_cls_macro_f1: 0.5568 - val_loss: 1.1538 - val_portion_acc: 0.9179 - val_portion_loss: 0.2568 - val_portion_ordinal_error: 0.0821 - learning_rate: 3.2000e-04
Epoch 26/45
201/201 - 37s - 186ms/step - cls_acc: 0.7248 - cls_loss: 0.8348 - cls_macro_f1: 0.7235 - loss: 0.9928 - portion_acc: 0.9023 - portion_loss: 0.3159 - portion_ordinal_error: 0.0980 - val_cls_acc: 0.5984 - val_cls_loss: 1.0395 - val_cls_macro_f1: 0.5385 - val_loss: 1.1617 - val_portion_acc: 0.9276 - val_portion_loss: 0.2419 - val_portion_ordinal_error: 0.0728 - learning_rate: 3.2000e-04
Epoch 27/45
201/201 - 37s - 184ms/step - cls_acc: 0.7254 - cls_loss: 0.8376 - cls_macro_f1: 0.7237 - loss: 0.9878 - portion_acc: 0.9079 - portion_loss: 0.2996 - portion_ordinal_error: 0.0924 - val_cls_acc: 0.5984 - val_cls_loss: 1.0293 - val_cls_macro_f1: 0.5365 - val_loss: 1.1574 - val_portion_acc: 0.9272 - val_portion_loss: 0.2537 - val_portion_ordinal_error: 0.0728 - learning_rate: 3.2000e-04
Epoch 28/45
201/201 - 35s - 174ms/step - cls_acc: 0.7359 - cls_loss: 0.8179 - cls_macro_f1: 0.7344 - loss: 0.9748 - portion_acc: 0.9052 - portion_loss: 0.3136 - portion_ordinal_error: 0.0951 - val_cls_acc: 0.5837 - val_cls_loss: 1.0884 - val_cls_macro_f1: 0.4988 - val_loss: 1.2202 - val_portion_acc: 0.9189 - val_portion_loss: 0.2597 - val_portion_ordinal_error: 0.0811 - learning_rate: 3.2000e-04
Epoch 29/45

Epoch 29: ReduceLROnPlateau reducing learning rate to 0.0001280000084079802.
201/201 - 37s - 182ms/step - cls_acc: 0.7390 - cls_loss: 0.8090 - cls_macro_f1: 0.7372 - loss: 0.9642 - portion_acc: 0.9042 - portion_loss: 0.3109 - portion_ordinal_error: 0.0960 - val_cls_acc: 0.5855 - val_cls_loss: 1.0507 - val_cls_macro_f1: 0.5194 - val_loss: 1.1767 - val_portion_acc: 0.9230 - val_portion_loss: 0.2489 - val_portion_ordinal_error: 0.0770 - learning_rate: 3.2000e-04
Epoch 30/45
201/201 - 37s - 184ms/step - cls_acc: 0.7099 - cls_loss: 0.8576 - cls_macro_f1: 0.7081 - loss: 0.9994 - portion_acc: 0.9146 - portion_loss: 0.2839 - portion_ordinal_error: 0.0857 - val_cls_acc: 0.6030 - val_cls_loss: 1.0167 - val_cls_macro_f1: 0.5466 - val_loss: 1.1316 - val_portion_acc: 0.9313 - val_portion_loss: 0.2277 - val_portion_ordinal_error: 0.0687 - learning_rate: 1.2800e-04
Epoch 31/45
201/201 - 35s - 174ms/step - cls_acc: 0.7275 - cls_loss: 0.8336 - cls_macro_f1: 0.7259 - loss: 0.9819 - portion_acc: 0.9090 - portion_loss: 0.2962 - portion_ordinal_error: 0.0910 - val_cls_acc: 0.5980 - val_cls_loss: 1.0294 - val_cls_macro_f1: 0.5349 - val_loss: 1.1512 - val_portion_acc: 0.9262 - val_portion_loss: 0.2412 - val_portion_ordinal_error: 0.0738 - learning_rate: 1.2800e-04
Epoch 32/45
201/201 - 46s - 227ms/step - cls_acc: 0.7403 - cls_loss: 0.8148 - cls_macro_f1: 0.7394 - loss: 0.9567 - portion_acc: 0.9119 - portion_loss: 0.2849 - portion_ordinal_error: 0.0883 - val_cls_acc: 0.6063 - val_cls_loss: 1.0292 - val_cls_macro_f1: 0.5450 - val_loss: 1.1490 - val_portion_acc: 0.9355 - val_portion_loss: 0.2372 - val_portion_ordinal_error: 0.0645 - learning_rate: 1.2800e-04
Epoch 33/45

Epoch 33: ReduceLROnPlateau reducing learning rate to 5.120000569149852e-05.
201/201 - 46s - 229ms/step - cls_acc: 0.7391 - cls_loss: 0.8099 - cls_macro_f1: 0.7382 - loss: 0.9460 - portion_acc: 0.9167 - portion_loss: 0.2714 - portion_ordinal_error: 0.0835 - val_cls_acc: 0.6058 - val_cls_loss: 1.0188 - val_cls_macro_f1: 0.5476 - val_loss: 1.1364 - val_portion_acc: 0.9331 - val_portion_loss: 0.2330 - val_portion_ordinal_error: 0.0669 - learning_rate: 1.2800e-04
Epoch 34/45
201/201 - 50s - 250ms/step - cls_acc: 0.7345 - cls_loss: 0.8295 - cls_macro_f1: 0.7324 - loss: 0.9698 - portion_acc: 0.9153 - portion_loss: 0.2810 - portion_ordinal_error: 0.0850 - val_cls_acc: 0.6118 - val_cls_loss: 0.9969 - val_cls_macro_f1: 0.5572 - val_loss: 1.1181 - val_portion_acc: 0.9239 - val_portion_loss: 0.2400 - val_portion_ordinal_error: 0.0761 - learning_rate: 5.1200e-05
Epoch 35/45
201/201 - 51s - 254ms/step - cls_acc: 0.7395 - cls_loss: 0.8181 - cls_macro_f1: 0.7383 - loss: 0.9596 - portion_acc: 0.9112 - portion_loss: 0.2823 - portion_ordinal_error: 0.0890 - val_cls_acc: 0.6021 - val_cls_loss: 1.0084 - val_cls_macro_f1: 0.5378 - val_loss: 1.1320 - val_portion_acc: 0.9249 - val_portion_loss: 0.2448 - val_portion_ordinal_error: 0.0751 - learning_rate: 5.1200e-05
Epoch 36/45
201/201 - 49s - 244ms/step - cls_acc: 0.7431 - cls_loss: 0.8110 - cls_macro_f1: 0.7419 - loss: 0.9471 - portion_acc: 0.9168 - portion_loss: 0.2728 - portion_ordinal_error: 0.0835 - val_cls_acc: 0.5957 - val_cls_loss: 1.0417 - val_cls_macro_f1: 0.5238 - val_loss: 1.1567 - val_portion_acc: 0.9262 - val_portion_loss: 0.2270 - val_portion_ordinal_error: 0.0738 - learning_rate: 5.1200e-05
Epoch 37/45
201/201 - 43s - 216ms/step - cls_acc: 0.7455 - cls_loss: 0.8088 - cls_macro_f1: 0.7443 - loss: 0.9500 - portion_acc: 0.9140 - portion_loss: 0.2825 - portion_ordinal_error: 0.0862 - val_cls_acc: 0.6090 - val_cls_loss: 1.0046 - val_cls_macro_f1: 0.5497 - val_loss: 1.1242 - val_portion_acc: 0.9249 - val_portion_loss: 0.2367 - val_portion_ordinal_error: 0.0751 - learning_rate: 5.1200e-05
Epoch 38/45

Epoch 38: ReduceLROnPlateau reducing learning rate to 2.0480001694522798e-05.
201/201 - 45s - 222ms/step - cls_acc: 0.7456 - cls_loss: 0.8016 - cls_macro_f1: 0.7446 - loss: 0.9428 - portion_acc: 0.9120 - portion_loss: 0.2833 - portion_ordinal_error: 0.0881 - val_cls_acc: 0.6090 - val_cls_loss: 0.9989 - val_cls_macro_f1: 0.5535 - val_loss: 1.1162 - val_portion_acc: 0.9276 - val_portion_loss: 0.2324 - val_portion_ordinal_error: 0.0724 - learning_rate: 5.1200e-05
Epoch 39/45
201/201 - 52s - 256ms/step - cls_acc: 0.7334 - cls_loss: 0.8250 - cls_macro_f1: 0.7319 - loss: 0.9653 - portion_acc: 0.9130 - portion_loss: 0.2797 - portion_ordinal_error: 0.0874 - val_cls_acc: 0.6187 - val_cls_loss: 0.9849 - val_cls_macro_f1: 0.5717 - val_loss: 1.0993 - val_portion_acc: 0.9304 - val_portion_loss: 0.2271 - val_portion_ordinal_error: 0.0696 - learning_rate: 2.0480e-05
Epoch 40/45
201/201 - 50s - 247ms/step - cls_acc: 0.7350 - cls_loss: 0.8086 - cls_macro_f1: 0.7335 - loss: 0.9484 - portion_acc: 0.9146 - portion_loss: 0.2798 - portion_ordinal_error: 0.0856 - val_cls_acc: 0.6178 - val_cls_loss: 0.9804 - val_cls_macro_f1: 0.5720 - val_loss: 1.1033 - val_portion_acc: 0.9235 - val_portion_loss: 0.2443 - val_portion_ordinal_error: 0.0765 - learning_rate: 2.0480e-05
Epoch 41/45
201/201 - 49s - 246ms/step - cls_acc: 0.7408 - cls_loss: 0.8006 - cls_macro_f1: 0.7395 - loss: 0.9370 - portion_acc: 0.9173 - portion_loss: 0.2748 - portion_ordinal_error: 0.0832 - val_cls_acc: 0.6164 - val_cls_loss: 0.9922 - val_cls_macro_f1: 0.5657 - val_loss: 1.1117 - val_portion_acc: 0.9239 - val_portion_loss: 0.2371 - val_portion_ordinal_error: 0.0761 - learning_rate: 2.0480e-05
Epoch 42/45
201/201 - 43s - 216ms/step - cls_acc: 0.7416 - cls_loss: 0.7993 - cls_macro_f1: 0.7402 - loss: 0.9324 - portion_acc: 0.9190 - portion_loss: 0.2662 - portion_ordinal_error: 0.0813 - val_cls_acc: 0.6169 - val_cls_loss: 0.9870 - val_cls_macro_f1: 0.5665 - val_loss: 1.1006 - val_portion_acc: 0.9253 - val_portion_loss: 0.2252 - val_portion_ordinal_error: 0.0747 - learning_rate: 2.0480e-05
Epoch 43/45
201/201 - 45s - 223ms/step - cls_acc: 0.7364 - cls_loss: 0.8098 - cls_macro_f1: 0.7348 - loss: 0.9445 - portion_acc: 0.9182 - portion_loss: 0.2696 - portion_ordinal_error: 0.0820 - val_cls_acc: 0.6173 - val_cls_loss: 0.9838 - val_cls_macro_f1: 0.5690 - val_loss: 1.0971 - val_portion_acc: 0.9276 - val_portion_loss: 0.2248 - val_portion_ordinal_error: 0.0724 - learning_rate: 2.0480e-05
Epoch 44/45

Epoch 44: ReduceLROnPlateau reducing learning rate to 1e-05.
201/201 - 60s - 298ms/step - cls_acc: 0.7435 - cls_loss: 0.8021 - cls_macro_f1: 0.7421 - loss: 0.9395 - portion_acc: 0.9139 - portion_loss: 0.2760 - portion_ordinal_error: 0.0862 - val_cls_acc: 0.6063 - val_cls_loss: 1.0070 - val_cls_macro_f1: 0.5458 - val_loss: 1.1217 - val_portion_acc: 0.9258 - val_portion_loss: 0.2271 - val_portion_ordinal_error: 0.0742 - learning_rate: 2.0480e-05
Epoch 45/45
201/201 - 55s - 276ms/step - cls_acc: 0.7511 - cls_loss: 0.7877 - cls_macro_f1: 0.7497 - loss: 0.9253 - portion_acc: 0.9143 - portion_loss: 0.2745 - portion_ordinal_error: 0.0861 - val_cls_acc: 0.6215 - val_cls_loss: 0.9861 - val_cls_macro_f1: 0.5744 - val_loss: 1.0999 - val_portion_acc: 0.9276 - val_portion_loss: 0.2258 - val_portion_ordinal_error: 0.0724 - learning_rate: 1.0000e-05
Restoring model weights from the end of the best epoch: 45.

Evaluating FP32 baseline on the held-out test split ...
  cls_acc                      0.6393
  cls_loss                     0.9577
  cls_macro_f1                 0.5859
  loss                         1.0797
  portion_acc                  0.9233
  portion_loss                 0.2425
  portion_ordinal_error        0.0767

saved /Users/lukevalerio/Documents/TinyML/FinalProject/results/checkpoints/real_a10.keras
