/Users/lukevalerio/miniconda3/lib/python3.13/site-packages/keras/src/trainers/epoch_iterator.py:74: UserWarning: `shuffle=True` was passed, but will be ignored since the data `x` was provided as a tf.data.Dataset. The Dataset is expected to already be shuffled (via `.shuffle(buffer_size)`).
  self.data_adapter = data_adapters.get_data_adapter(
train 25506 | val 4494 | test 6000
source: both | class weights: {0: 1.0, 1: 1.0, 2: 1.0, 3: 1.0, 4: 1.0}
model            : food_tinyml
input            : (96, 96, 3)
parameters       : 157,512
est. int8 weights: 153.8 KB
peak activations : 72.0 KB  (at layer 'stem_bn')
est. arena floor : 72.0 KB + TFLM overhead (~4-10 KB)
Epoch 1/45
399/399 - 97s - 244ms/step - cls_acc: 0.5398 - cls_loss: 1.3253 - cls_macro_f1: 0.5391 - loss: 1.8294 - portion_acc: 0.6698 - portion_loss: 1.0071 - portion_ordinal_error: 0.3622 - val_cls_acc: 0.4388 - val_cls_loss: 1.5287 - val_cls_macro_f1: 0.3452 - val_loss: 1.9183 - val_portion_acc: 0.7412 - val_portion_loss: 0.7688 - val_portion_ordinal_error: 0.2650 - learning_rate: 0.0020
Epoch 2/45
399/399 - 87s - 218ms/step - cls_acc: 0.6105 - cls_loss: 1.0930 - cls_macro_f1: 0.6099 - loss: 1.4170 - portion_acc: 0.8009 - portion_loss: 0.6479 - portion_ordinal_error: 0.2036 - val_cls_acc: 0.4571 - val_cls_loss: 1.4806 - val_cls_macro_f1: 0.3599 - val_loss: 1.7775 - val_portion_acc: 0.8164 - val_portion_loss: 0.5780 - val_portion_ordinal_error: 0.1838 - learning_rate: 0.0020
Epoch 3/45
399/399 - 91s - 227ms/step - cls_acc: 0.6347 - cls_loss: 1.0459 - cls_macro_f1: 0.6341 - loss: 1.3182 - portion_acc: 0.8358 - portion_loss: 0.5442 - portion_ordinal_error: 0.1673 - val_cls_acc: 0.4464 - val_cls_loss: 1.4470 - val_cls_macro_f1: 0.3549 - val_loss: 1.6831 - val_portion_acc: 0.8545 - val_portion_loss: 0.4570 - val_portion_ordinal_error: 0.1457 - learning_rate: 0.0020
Epoch 4/45
399/399 - 91s - 229ms/step - cls_acc: 0.6389 - cls_loss: 1.0359 - cls_macro_f1: 0.6379 - loss: 1.2745 - portion_acc: 0.8552 - portion_loss: 0.4767 - portion_ordinal_error: 0.1468 - val_cls_acc: 0.4372 - val_cls_loss: 1.4443 - val_cls_macro_f1: 0.3481 - val_loss: 1.6593 - val_portion_acc: 0.8676 - val_portion_loss: 0.4155 - val_portion_ordinal_error: 0.1326 - learning_rate: 0.0020
Epoch 5/45
399/399 - 87s - 217ms/step - cls_acc: 0.6451 - cls_loss: 1.0303 - cls_macro_f1: 0.6438 - loss: 1.2548 - portion_acc: 0.8644 - portion_loss: 0.4486 - portion_ordinal_error: 0.1373 - val_cls_acc: 0.4700 - val_cls_loss: 1.3836 - val_cls_macro_f1: 0.3847 - val_loss: 1.5707 - val_portion_acc: 0.8934 - val_portion_loss: 0.3640 - val_portion_ordinal_error: 0.1066 - learning_rate: 0.0020
Epoch 6/45
399/399 - 87s - 219ms/step - cls_acc: 0.6507 - cls_loss: 1.0128 - cls_macro_f1: 0.6490 - loss: 1.2237 - portion_acc: 0.8738 - portion_loss: 0.4212 - portion_ordinal_error: 0.1275 - val_cls_acc: 0.4940 - val_cls_loss: 1.3430 - val_cls_macro_f1: 0.3978 - val_loss: 1.6057 - val_portion_acc: 0.8364 - val_portion_loss: 0.5093 - val_portion_ordinal_error: 0.1647 - learning_rate: 0.0020
Epoch 7/45
399/399 - 93s - 234ms/step - cls_acc: 0.6550 - cls_loss: 1.0035 - cls_macro_f1: 0.6532 - loss: 1.2109 - portion_acc: 0.8767 - portion_loss: 0.4144 - portion_ordinal_error: 0.1246 - val_cls_acc: 0.5022 - val_cls_loss: 1.3368 - val_cls_macro_f1: 0.4196 - val_loss: 1.5710 - val_portion_acc: 0.8640 - val_portion_loss: 0.4560 - val_portion_ordinal_error: 0.1382 - learning_rate: 0.0020
Epoch 8/45
399/399 - 88s - 221ms/step - cls_acc: 0.6600 - cls_loss: 1.0064 - cls_macro_f1: 0.6578 - loss: 1.2054 - portion_acc: 0.8789 - portion_loss: 0.3975 - portion_ordinal_error: 0.1222 - val_cls_acc: 0.5056 - val_cls_loss: 1.4243 - val_cls_macro_f1: 0.4312 - val_loss: 1.5924 - val_portion_acc: 0.9019 - val_portion_loss: 0.3228 - val_portion_ordinal_error: 0.0981 - learning_rate: 0.0020
Epoch 9/45
399/399 - 85s - 212ms/step - cls_acc: 0.6573 - cls_loss: 1.0062 - cls_macro_f1: 0.6550 - loss: 1.2031 - portion_acc: 0.8801 - portion_loss: 0.3932 - portion_ordinal_error: 0.1208 - val_cls_acc: 0.4731 - val_cls_loss: 1.4161 - val_cls_macro_f1: 0.3873 - val_loss: 1.5656 - val_portion_acc: 0.9150 - val_portion_loss: 0.2886 - val_portion_ordinal_error: 0.0850 - learning_rate: 0.0020
Epoch 10/45
399/399 - 85s - 213ms/step - cls_acc: 0.6622 - cls_loss: 0.9958 - cls_macro_f1: 0.6603 - loss: 1.1890 - portion_acc: 0.8848 - portion_loss: 0.3861 - portion_ordinal_error: 0.1162 - val_cls_acc: 0.4980 - val_cls_loss: 1.3430 - val_cls_macro_f1: 0.4042 - val_loss: 1.5151 - val_portion_acc: 0.8923 - val_portion_loss: 0.3366 - val_portion_ordinal_error: 0.1077 - learning_rate: 0.0020
Epoch 11/45
399/399 - 85s - 212ms/step - cls_acc: 0.6601 - cls_loss: 0.9930 - cls_macro_f1: 0.6572 - loss: 1.1800 - portion_acc: 0.8880 - portion_loss: 0.3740 - portion_ordinal_error: 0.1130 - val_cls_acc: 0.4806 - val_cls_loss: 1.3707 - val_cls_macro_f1: 0.3942 - val_loss: 1.5451 - val_portion_acc: 0.8899 - val_portion_loss: 0.3382 - val_portion_ordinal_error: 0.1104 - learning_rate: 0.0020
Epoch 12/45

Epoch 12: ReduceLROnPlateau reducing learning rate to 0.000800000037997961.
399/399 - 85s - 213ms/step - cls_acc: 0.6586 - cls_loss: 1.0039 - cls_macro_f1: 0.6565 - loss: 1.1906 - portion_acc: 0.8894 - portion_loss: 0.3726 - portion_ordinal_error: 0.1115 - val_cls_acc: 0.4813 - val_cls_loss: 1.3463 - val_cls_macro_f1: 0.4099 - val_loss: 1.5016 - val_portion_acc: 0.9048 - val_portion_loss: 0.2960 - val_portion_ordinal_error: 0.0952 - learning_rate: 0.0020
Epoch 13/45
399/399 - 84s - 211ms/step - cls_acc: 0.6429 - cls_loss: 1.0446 - cls_macro_f1: 0.6411 - loss: 1.2111 - portion_acc: 0.9011 - portion_loss: 0.3334 - portion_ordinal_error: 0.0995 - val_cls_acc: 0.5002 - val_cls_loss: 1.3449 - val_cls_macro_f1: 0.4170 - val_loss: 1.5063 - val_portion_acc: 0.9085 - val_portion_loss: 0.3139 - val_portion_ordinal_error: 0.0932 - learning_rate: 8.0000e-04
Epoch 14/45
399/399 - 91s - 229ms/step - cls_acc: 0.6423 - cls_loss: 1.0445 - cls_macro_f1: 0.6396 - loss: 1.2118 - portion_acc: 0.8996 - portion_loss: 0.3345 - portion_ordinal_error: 0.1009 - val_cls_acc: 0.5000 - val_cls_loss: 1.3359 - val_cls_macro_f1: 0.4189 - val_loss: 1.4684 - val_portion_acc: 0.9210 - val_portion_loss: 0.2545 - val_portion_ordinal_error: 0.0790 - learning_rate: 8.0000e-04
Epoch 15/45
399/399 - 94s - 236ms/step - cls_acc: 0.6422 - cls_loss: 1.0522 - cls_macro_f1: 0.6404 - loss: 1.2152 - portion_acc: 0.9014 - portion_loss: 0.3258 - portion_ordinal_error: 0.0991 - val_cls_acc: 0.4998 - val_cls_loss: 1.3111 - val_cls_macro_f1: 0.4208 - val_loss: 1.4397 - val_portion_acc: 0.9259 - val_portion_loss: 0.2456 - val_portion_ordinal_error: 0.0741 - learning_rate: 8.0000e-04
Epoch 16/45

Epoch 16: ReduceLROnPlateau reducing learning rate to 0.00032000001519918444.
399/399 - 94s - 236ms/step - cls_acc: 0.6464 - cls_loss: 1.0370 - cls_macro_f1: 0.6447 - loss: 1.1992 - portion_acc: 0.9042 - portion_loss: 0.3239 - portion_ordinal_error: 0.0962 - val_cls_acc: 0.4971 - val_cls_loss: 1.3324 - val_cls_macro_f1: 0.4118 - val_loss: 1.5020 - val_portion_acc: 0.8919 - val_portion_loss: 0.3237 - val_portion_ordinal_error: 0.1081 - learning_rate: 8.0000e-04
Epoch 17/45
399/399 - 96s - 240ms/step - cls_acc: 0.5984 - cls_loss: 1.1297 - cls_macro_f1: 0.5966 - loss: 1.2831 - portion_acc: 0.9079 - portion_loss: 0.3060 - portion_ordinal_error: 0.0927 - val_cls_acc: 0.5009 - val_cls_loss: 1.2717 - val_cls_macro_f1: 0.4186 - val_loss: 1.4011 - val_portion_acc: 0.9228 - val_portion_loss: 0.2454 - val_portion_ordinal_error: 0.0772 - learning_rate: 3.2000e-04
Epoch 18/45
399/399 - 94s - 236ms/step - cls_acc: 0.6031 - cls_loss: 1.1168 - cls_macro_f1: 0.6018 - loss: 1.2645 - portion_acc: 0.9118 - portion_loss: 0.2944 - portion_ordinal_error: 0.0884 - val_cls_acc: 0.5011 - val_cls_loss: 1.2747 - val_cls_macro_f1: 0.4196 - val_loss: 1.4017 - val_portion_acc: 0.9250 - val_portion_loss: 0.2405 - val_portion_ordinal_error: 0.0750 - learning_rate: 3.2000e-04
Epoch 18: early stopping
Restoring model weights from the end of the best epoch: 8.

Evaluating FP32 baseline on the held-out test split ...
  cls_acc                      0.5225
  cls_loss                     1.4362
  cls_macro_f1                 0.4525
  loss                         1.6076
  portion_acc                  0.8915
  portion_loss                 0.3388
  portion_ordinal_error        0.1092

saved /Users/lukevalerio/Documents/TinyML/FinalProject/results/checkpoints/both_a10.keras
